// Jest Snapshot v1, https://goo.gl/fbAQLP

exports[`DataItem Renders correctly 1`] = `
<div
  className="css-gmm171"
  size="medium"
>
  <p>
    Value of the prop
  </p>
  <p>
    Label of the prop
  </p>
</div>
`;
